115.236.31.202 - - [19/Sep/2016:14:06:06 +0800] "GET /index.php/Login/scanWeblogin/uid/6697426406149848813.html HTTP/1.1" 200 33 "https://web.qixincloud.com/index.php/Home/Login/login.html" "Mozilla/5.0 (Windows NT 5.1) AppleWebKit/537.36 (KHTML, like Gecko) Chrome/45.0.2454.101 Safari/537.36"
115.236.31.202 - - [19/Sep/2016:14:06:07 +0800] "GET /index.php/Login/isWeblogin/uid/6697426406149848813.html HTTP/1.1" 200 33 "https://web.qixincloud.com/index.php/Home/Login/login.html" "Mozilla/5.0 (Windows NT 5.1) AppleWebKit/537.36 (KHTML, like Gecko) Chrome/45.0.2454.101 Safari/537.36"
49.87.8.142 - - [19/Sep/2016:14:06:07 +0800] "GET /index.php/Login/scanWeblogin/uid/6697425392498448645.html HTTP/1.1" 200 33 "https://web.qixincloud.com/index.php/Login/login.html" "Mozilla/5.0 (Windows NT 6.1) AppleWebKit/537.36 (KHTML, like Gecko) Chrome/45.0.2454.101 Safari/537.36"
110.251.143.238 - - [19/Sep/2016:14:06:07 +0800] "GET /index.php/Login/scanWeblogin/uid/6697426515754848826.html HTTP/1.1" 200 33 "https://web.qixincloud.com/index.php/Login/login.html" "Mozilla/5.0 (Windows NT 5.1) AppleWebKit/537.36 (KHTML, like Gecko) Chrome/45.0.2454.101 Safari/537.36"
110.251.143.238 - - [19/Sep/2016:14:06:07 +0800] "GET /index.php/Login/isWeblogin/uid/6697426515754848826.html HTTP/1.1" 200 33 "https://web.qixincloud.com/index.php/Login/login.html" "Mozilla/5.0 (Windows NT 5.1) AppleWebKit/537.36 (KHTML, like Gecko) Chrome/45.0.2454.101 Safari/537.36"
49.87.8.142 - - [19/Sep/2016:14:06:07 +0800] "GET /index.php/Login/isWeblogin/uid/6697425392498448645.html HTTP/1.1" 200 33 "https://web.qixincloud.com/index.php/Login/login.html" "Mozilla/5.0 (Windows NT 6.1) AppleWebKit/537.36 (KHTML, like Gecko) Chrome/45.0.2454.101 Safari/537.36"
116.228.224.50 - - [19/Sep/2016:14:06:08 +0800] "GET /index.php/Login/scanWeblogin/uid/6697425091283348517.html HTTP/1.1" 200 33 "https://web.qixincloud.com/index.php/Home/Login/login.html" "Mozilla/5.0 (Windows NT 6.1; WOW64) AppleWebKit/537.36 (KHTML, like Gecko) Chrome/53.0.2785.116 Safari/537.36"
116.228.224.50 - - [19/Sep/2016:14:06:08 +0800] "GET /index.php/Login/isWeblogin/uid/6697425091283348517.html HTTP/1.1" 200 33 "https://web.qixincloud.com/index.php/Home/Login/login.html" "Mozilla/5.0 (Windows NT 6.1; WOW64) AppleWebKit/537.36 (KHTML, like Gecko) Chrome/53.0.2785.116 Safari/537.36"
123.130.46.215 - - [19/Sep/2016:14:06:09 +0800] "GET /index.php/Login/scanWeblogin/uid/6697425521757448706.html HTTP/1.1" 200 33 "https://web.qixincloud.com/index.php/Home/Login/login.html" "Mozilla/5.0 (Windows NT 5.1) AppleWebKit/537.36 (KHTML, like Gecko) Chrome/49.0.2623.22 Safari/537.36 SE 2.X MetaSr 1.0"
123.130.46.215 - - [19/Sep/2016:14:06:09 +0800] "GET /index.php/Login/isWeblogin/uid/6697425521757448706.html HTTP/1.1" 200 33 "https://web.qixincloud.com/index.php/Home/Login/login.html" "Mozilla/5.0 (Windows NT 5.1) AppleWebKit/537.36 (KHTML, like Gecko) Chrome/49.0.2623.22 Safari/537.36 SE 2.X MetaSr 1.0"
112.244.154.251 - - [19/Sep/2016:14:06:09 +0800] "GET /index.php/Login/isWeblogin/uid/6697425315759748619.html HTTP/1.1" 200 33 "https://web.qixincloud.com/index.php/Home/Login/login.html" "Mozilla/5.0 (Windows NT 5.1) AppleWebKit/537.36 (KHTML, like Gecko) Chrome/45.0.2454.101 Safari/537.36"
112.244.154.251 - - [19/Sep/2016:14:06:11 +0800] "GET /index.php/Login/scanWeblogin/uid/6697425315759748619.html HTTP/1.1" 200 33 "https://web.qixincloud.com/index.php/Home/Login/login.html" "Mozilla/5.0 (Windows NT 5.1) AppleWebKit/537.36 (KHTML, like Gecko) Chrome/45.0.2454.101 Safari/537.36"
115.236.31.202 - - [19/Sep/2016:14:06:11 +0800] "GET /index.php/Login/scanWeblogin/uid/6697426406149848813.html HTTP/1.1" 200 33 "https://web.qixincloud.com/index.php/Home/Login/login.html" "Mozilla/5.0 (Windows NT 5.1) AppleWebKit/537.36 (KHTML, like Gecko) Chrome/45.0.2454.101 Safari/537.36"
115.236.31.202 - - [19/Sep/2016:14:06:12 +0800] "GET /index.php/Login/isWeblogin/uid/6697426406149848813.html HTTP/1.1" 200 33 "https://web.qixincloud.com/index.php/Home/Login/login.html" "Mozilla/5.0 (Windows NT 5.1) AppleWebKit/537.36 (KHTML, like Gecko) Chrome/45.0.2454.101 Safari/537.36"
110.251.143.238 - - [19/Sep/2016:14:06:12 +0800] "GET /index.php/Login/scanWeblogin/uid/6697426515754848826.html HTTP/1.1" 200 33 "https://web.qixincloud.com/index.php/Login/login.html" "Mozilla/5.0 (Windows NT 5.1) AppleWebKit/537.36 (KHTML, like Gecko) Chrome/45.0.2454.101 Safari/537.36"
49.87.8.142 - - [19/Sep/2016:14:06:12 +0800] "GET /index.php/Login/scanWeblogin/uid/6697425392498448645.html HTTP/1.1" 200 33 "https://web.qixincloud.com/index.php/Login/login.html" "Mozilla/5.0 (Windows NT 6.1) AppleWebKit/537.36 (KHTML, like Gecko) Chrome/45.0.2454.101 Safari/537.36"
110.251.143.238 - - [19/Sep/2016:14:06:12 +0800] "GET /index.php/Login/isWeblogin/uid/6697426515754848826.html HTTP/1.1" 200 33 "https://web.qixincloud.com/index.php/Login/login.html" "Mozilla/5.0 (Windows NT 5.1) AppleWebKit/537.36 (KHTML, like Gecko) Chrome/45.0.2454.101 Safari/537.36"
49.87.8.142 - - [19/Sep/2016:14:06:12 +0800] "GET /index.php/Login/isWeblogin/uid/6697425392498448645.html HTTP/1.1" 200 33 "https://web.qixincloud.com/index.php/Login/login.html" "Mozilla/5.0 (Windows NT 6.1) AppleWebKit/537.36 (KHTML, like Gecko) Chrome/45.0.2454.101 Safari/537.36"
116.228.224.50 - - [19/Sep/2016:14:06:13 +0800] "GET /index.php/Login/isWeblogin/uid/6697425091283348517.html HTTP/1.1" 200 33 "https://web.qixincloud.com/index.php/Home/Login/login.html" "Mozilla/5.0 (Windows NT 6.1; WOW64) AppleWebKit/537.36 (KHTML, like Gecko) Chrome/53.0.2785.116 Safari/537.36"
116.228.224.50 - - [19/Sep/2016:14:06:13 +0800] "GET /index.php/Login/scanWeblogin/uid/6697425091283348517.html HTTP/1.1" 200 33 "https://web.qixincloud.com/index.php/Home/Login/login.html" "Mozilla/5.0 (Windows NT 6.1; WOW64) AppleWebKit/537.36 (KHTML, like Gecko) Chrome/53.0.2785.116 Safari/537.36"
123.130.46.215 - - [19/Sep/2016:14:06:14 +0800] "GET /index.php/Login/scanWeblogin/uid/6697425521757448706.html HTTP/1.1" 200 33 "https://web.qixincloud.com/index.php/Home/Login/login.html" "Mozilla/5.0 (Windows NT 5.1) AppleWebKit/537.36 (KHTML, like Gecko) Chrome/49.0.2623.22 Safari/537.36 SE 2.X MetaSr 1.0"
123.130.46.215 - - [19/Sep/2016:14:06:14 +0800] "GET /index.php/Login/isWeblogin/uid/6697425521757448706.html HTTP/1.1" 200 33 "https://web.qixincloud.com/index.php/Home/Login/login.html" "Mozilla/5.0 (Windows NT 5.1) AppleWebKit/537.36 (KHTML, like Gecko) Chrome/49.0.2623.22 Safari/537.36 SE 2.X MetaSr 1.0"
112.244.154.251 - - [19/Sep/2016:14:06:14 +0800] "GET /index.php/Login/isWeblogin/uid/6697425315759748619.html HTTP/1.1" 200 33 "https://web.qixincloud.com/index.php/Home/Login/login.html" "Mozilla/5.0 (Windows NT 5.1) AppleWebKit/537.36 (KHTML, like Gecko) Chrome/45.0.2454.101 Safari/537.36"
112.244.154.251 - - [19/Sep/2016:14:06:16 +0800] "GET /index.php/Login/scanWeblogin/uid/6697425315759748619.html HTTP/1.1" 200 33 "https://web.qixincloud.com/index.php/Home/Login/login.html" "Mozilla/5.0 (Windows NT 5.1) AppleWebKit/537.36 (KHTML, like Gecko) Chrome/45.0.2454.101 Safari/537.36"
115.236.31.202 - - [19/Sep/2016:14:06:16 +0800] "GET /index.php/Login/scanWeblogin/uid/6697426406149848813.html HTTP/1.1" 200 33 "https://web.qixincloud.com/index.php/Home/Login/login.html" "Mozilla/5.0 (Windows NT 5.1) AppleWebKit/537.36 (KHTML, like Gecko) Chrome/45.0.2454.101 Safari/537.36"
115.236.31.202 - - [19/Sep/2016:14:06:17 +0800] "GET /index.php/Login/isWeblogin/uid/6697426406149848813.html HTTP/1.1" 200 33 "https://web.qixincloud.com/index.php/Home/Login/login.html" "Mozilla/5.0 (Windows NT 5.1) AppleWebKit/537.36 (KHTML, like Gecko) Chrome/45.0.2454.101 Safari/537.36"
110.251.143.238 - - [19/Sep/2016:14:06:17 +0800] "GET /index.php/Login/scanWeblogin/uid/6697426515754848826.html HTTP/1.1" 200 33 "https://web.qixincloud.com/index.php/Login/login.html" "Mozilla/5.0 (Windows NT 5.1) AppleWebKit/537.36 (KHTML, like Gecko) Chrome/45.0.2454.101 Safari/537.36"
49.87.8.142 - - [19/Sep/2016:14:06:17 +0800] "GET /index.php/Login/isWeblogin/uid/6697425392498448645.html HTTP/1.1" 200 33 "https://web.qixincloud.com/index.php/Login/login.html" "Mozilla/5.0 (Windows NT 6.1) AppleWebKit/537.36 (KHTML, like Gecko) Chrome/45.0.2454.101 Safari/537.36"
110.251.143.238 - - [19/Sep/2016:14:06:17 +0800] "GET /index.php/Login/isWeblogin/uid/6697426515754848826.html HTTP/1.1" 200 33 "https://web.qixincloud.com/index.php/Login/login.html" "Mozilla/5.0 (Windows NT 5.1) AppleWebKit/537.36 (KHTML, like Gecko) Chrome/45.0.2454.101 Safari/537.36"
49.87.8.142 - - [19/Sep/2016:14:06:17 +0800] "GET /index.php/Login/scanWeblogin/uid/6697425392498448645.html HTTP/1.1" 200 33 "https://web.qixincloud.com/index.php/Login/login.html" "Mozilla/5.0 (Windows NT 6.1) AppleWebKit/537.36 (KHTML, like Gecko) Chrome/45.0.2454.101 Safari/537.36"
116.228.224.50 - - [19/Sep/2016:14:06:18 +0800] "GET /index.php/Login/scanWeblogin/uid/6697425091283348517.html HTTP/1.1" 200 33 "https://web.qixincloud.com/index.php/Home/Login/login.html" "Mozilla/5.0 (Windows NT 6.1; WOW64) AppleWebKit/537.36 (KHTML, like Gecko) Chrome/53.0.2785.116 Safari/537.36"
116.228.224.50 - - [19/Sep/2016:14:06:18 +0800] "GET /index.php/Login/isWeblogin/uid/6697425091283348517.html HTTP/1.1" 200 33 "https://web.qixincloud.com/index.php/Home/Login/login.html" "Mozilla/5.0 (Windows NT 6.1; WOW64) AppleWebKit/537.36 (KHTML, like Gecko) Chrome/53.0.2785.116 Safari/537.36"
123.130.46.215 - - [19/Sep/2016:14:06:19 +0800] "GET /index.php/Login/scanWeblogin/uid/6697425521757448706.html HTTP/1.1" 200 33 "https://web.qixincloud.com/index.php/Home/Login/login.html" "Mozilla/5.0 (Windows NT 5.1) AppleWebKit/537.36 (KHTML, like Gecko) Chrome/49.0.2623.22 Safari/537.36 SE 2.X MetaSr 1.0"
123.130.46.215 - - [19/Sep/2016:14:06:19 +0800] "GET /index.php/Login/isWeblogin/uid/6697425521757448706.html HTTP/1.1" 200 33 "https://web.qixincloud.com/index.php/Home/Login/login.html" "Mozilla/5.0 (Windows NT 5.1) AppleWebKit/537.36 (KHTML, like Gecko) Chrome/49.0.2623.22 Safari/537.36 SE 2.X MetaSr 1.0"
112.244.154.251 - - [19/Sep/2016:14:06:19 +0800] "GET /index.php/Login/isWeblogin/uid/6697425315759748619.html HTTP/1.1" 200 33 "https://web.qixincloud.com/index.php/Home/Login/login.html" "Mozilla/5.0 (Windows NT 5.1) AppleWebKit/537.36 (KHTML, like Gecko) Chrome/45.0.2454.101 Safari/537.36"
112.244.154.251 - - [19/Sep/2016:14:06:21 +0800] "GET /index.php/Login/scanWeblogin/uid/6697425315759748619.html HTTP/1.1" 200 33 "https://web.qixincloud.com/index.php/Home/Login/login.html" "Mozilla/5.0 (Windows NT 5.1) AppleWebKit/537.36 (KHTML, like Gecko) Chrome/45.0.2454.101 Safari/537.36"
115.236.31.202 - - [19/Sep/2016:14:06:21 +0800] "GET /index.php/Login/scanWeblogin/uid/6697426406149848813.html HTTP/1.1" 200 33 "https://web.qixincloud.com/index.php/Home/Login/login.html" "Mozilla/5.0 (Windows NT 5.1) AppleWebKit/537.36 (KHTML, like Gecko) Chrome/45.0.2454.101 Safari/537.36"
115.236.31.202 - - [19/Sep/2016:14:06:22 +0800] "GET /index.php/Login/isWeblogin/uid/6697426406149848813.html HTTP/1.1" 200 33 "https://web.qixincloud.com/index.php/Home/Login/login.html" "Mozilla/5.0 (Windows NT 5.1) AppleWebKit/537.36 (KHTML, like Gecko) Chrome/45.0.2454.101 Safari/537.36"
110.251.143.238 - - [19/Sep/2016:14:06:22 +0800] "GET /index.php/Login/scanWeblogin/uid/6697426515754848826.html HTTP/1.1" 200 33 "https://web.qixincloud.com/index.php/Login/login.html" "Mozilla/5.0 (Windows NT 5.1) AppleWebKit/537.36 (KHTML, like Gecko) Chrome/45.0.2454.101 Safari/537.36"
49.87.8.142 - - [19/Sep/2016:14:06:22 +0800] "GET /index.php/Login/isWeblogin/uid/6697425392498448645.html HTTP/1.1" 200 33 "https://web.qixincloud.com/index.php/Login/login.html" "Mozilla/5.0 (Windows NT 6.1) AppleWebKit/537.36 (KHTML, like Gecko) Chrome/45.0.2454.101 Safari/537.36"
110.251.143.238 - - [19/Sep/2016:14:06:22 +0800] "GET /index.php/Login/isWeblogin/uid/6697426515754848826.html HTTP/1.1" 200 33 "https://web.qixincloud.com/index.php/Login/login.html" "Mozilla/5.0 (Windows NT 5.1) AppleWebKit/537.36 (KHTML, like Gecko) Chrome/45.0.2454.101 Safari/537.36"
49.87.8.142 - - [19/Sep/2016:14:06:22 +0800] "GET /index.php/Login/scanWeblogin/uid/6697425392498448645.html HTTP/1.1" 200 33 "https://web.qixincloud.com/index.php/Login/login.html" "Mozilla/5.0 (Windows NT 6.1) AppleWebKit/537.36 (KHTML, like Gecko) Chrome/45.0.2454.101 Safari/537.36"
116.228.224.50 - - [19/Sep/2016:14:06:23 +0800] "GET /index.php/Login/scanWeblogin/uid/6697425091283348517.html HTTP/1.1" 200 33 "https://web.qixincloud.com/index.php/Home/Login/login.html" "Mozilla/5.0 (Windows NT 6.1; WOW64) AppleWebKit/537.36 (KHTML, like Gecko) Chrome/53.0.2785.116 Safari/537.36"
116.228.224.50 - - [19/Sep/2016:14:06:23 +0800] "GET /index.php/Login/isWeblogin/uid/6697425091283348517.html HTTP/1.1" 200 33 "https://web.qixincloud.com/index.php/Home/Login/login.html" "Mozilla/5.0 (Windows NT 6.1; WOW64) AppleWebKit/537.36 (KHTML, like Gecko) Chrome/53.0.2785.116 Safari/537.36"
123.130.46.215 - - [19/Sep/2016:14:06:24 +0800] "GET /index.php/Login/scanWeblogin/uid/6697425521757448706.html HTTP/1.1" 200 33 "https://web.qixincloud.com/index.php/Home/Login/login.html" "Mozilla/5.0 (Windows NT 5.1) AppleWebKit/537.36 (KHTML, like Gecko) Chrome/49.0.2623.22 Safari/537.36 SE 2.X MetaSr 1.0"
123.130.46.215 - - [19/Sep/2016:14:06:24 +0800] "GET /index.php/Login/isWeblogin/uid/6697425521757448706.html HTTP/1.1" 200 33 "https://web.qixincloud.com/index.php/Home/Login/login.html" "Mozilla/5.0 (Windows NT 5.1) AppleWebKit/537.36 (KHTML, like Gecko) Chrome/49.0.2623.22 Safari/537.36 SE 2.X MetaSr 1.0"
112.244.154.251 - - [19/Sep/2016:14:06:24 +0800] "GET /index.php/Login/isWeblogin/uid/6697425315759748619.html HTTP/1.1" 200 33 "https://web.qixincloud.com/index.php/Home/Login/login.html" "Mozilla/5.0 (Windows NT 5.1) AppleWebKit/537.36 (KHTML, like Gecko) Chrome/45.0.2454.101 Safari/537.36"
112.244.154.251 - - [19/Sep/2016:14:06:26 +0800] "GET /index.php/Login/scanWeblogin/uid/6697425315759748619.html HTTP/1.1" 200 33 "https://web.qixincloud.com/index.php/Home/Login/login.html" "Mozilla/5.0 (Windows NT 5.1) AppleWebKit/537.36 (KHTML, like Gecko) Chrome/45.0.2454.101 Safari/537.36"
115.236.31.202 - - [19/Sep/2016:14:06:26 +0800] "GET /index.php/Login/scanWeblogin/uid/6697426406149848813.html HTTP/1.1" 200 33 "https://web.qixincloud.com/index.php/Home/Login/login.html" "Mozilla/5.0 (Windows NT 5.1) AppleWebKit/537.36 (KHTML, like Gecko) Chrome/45.0.2454.101 Safari/537.36"
115.236.31.202 - - [19/Sep/2016:14:06:27 +0800] "GET /index.php/Login/isWeblogin/uid/6697426406149848813.html HTTP/1.1" 200 33 "https://web.qixincloud.com/index.php/Home/Login/login.html" "Mozilla/5.0 (Windows NT 5.1) AppleWebKit/537.36 (KHTML, like Gecko) Chrome/45.0.2454.101 Safari/537.36"
110.251.143.238 - - [19/Sep/2016:14:06:27 +0800] "GET /index.php/Login/scanWeblogin/uid/6697426515754848826.html HTTP/1.1" 200 33 "https://web.qixincloud.com/index.php/Login/login.html" "Mozilla/5.0 (Windows NT 5.1) AppleWebKit/537.36 (KHTML, like Gecko) Chrome/45.0.2454.101 Safari/537.36"
110.251.143.238 - - [19/Sep/2016:14:06:27 +0800] "GET /index.php/Login/isWeblogin/uid/6697426515754848826.html HTTP/1.1" 200 33 "https://web.qixincloud.com/index.php/Login/login.html" "Mozilla/5.0 (Windows NT 5.1) AppleWebKit/537.36 (KHTML, like Gecko) Chrome/45.0.2454.101 Safari/537.36"
49.87.8.142 - - [19/Sep/2016:14:06:27 +0800] "GET /index.php/Login/isWeblogin/uid/6697425392498448645.html HTTP/1.1" 200 33 "https://web.qixincloud.com/index.php/Login/login.html" "Mozilla/5.0 (Windows NT 6.1) AppleWebKit/537.36 (KHTML, like Gecko) Chrome/45.0.2454.101 Safari/537.36"
49.87.8.142 - - [19/Sep/2016:14:06:27 +0800] "GET /index.php/Login/scanWeblogin/uid/6697425392498448645.html HTTP/1.1" 200 33 "https://web.qixincloud.com/index.php/Login/login.html" "Mozilla/5.0 (Windows NT 6.1) AppleWebKit/537.36 (KHTML, like Gecko) Chrome/45.0.2454.101 Safari/537.36"
116.228.224.50 - - [19/Sep/2016:14:06:28 +0800] "GET /index.php/Login/isWeblogin/uid/6697425091283348517.html HTTP/1.1" 200 33 "https://web.qixincloud.com/index.php/Home/Login/login.html" "Mozilla/5.0 (Windows NT 6.1; WOW64) AppleWebKit/537.36 (KHTML, like Gecko) Chrome/53.0.2785.116 Safari/537.36"
116.228.224.50 - - [19/Sep/2016:14:06:28 +0800] "GET /index.php/Login/scanWeblogin/uid/6697425091283348517.html HTTP/1.1" 200 33 "https://web.qixincloud.com/index.php/Home/Login/login.html" "Mozilla/5.0 (Windows NT 6.1; WOW64) AppleWebKit/537.36 (KHTML, like Gecko) Chrome/53.0.2785.116 Safari/537.36"
123.130.46.215 - - [19/Sep/2016:14:06:29 +0800] "GET /index.php/Login/scanWeblogin/uid/6697425521757448706.html HTTP/1.1" 200 33 "https://web.qixincloud.com/index.php/Home/Login/login.html" "Mozilla/5.0 (Windows NT 5.1) AppleWebKit/537.36 (KHTML, like Gecko) Chrome/49.0.2623.22 Safari/537.36 SE 2.X MetaSr 1.0"
123.130.46.215 - - [19/Sep/2016:14:06:29 +0800] "GET /index.php/Login/isWeblogin/uid/6697425521757448706.html HTTP/1.1" 200 33 "https://web.qixincloud.com/index.php/Home/Login/login.html" "Mozilla/5.0 (Windows NT 5.1) AppleWebKit/537.36 (KHTML, like Gecko) Chrome/49.0.2623.22 Safari/537.36 SE 2.X MetaSr 1.0"
112.244.154.251 - - [19/Sep/2016:14:06:29 +0800] "GET /index.php/Login/isWeblogin/uid/6697425315759748619.html HTTP/1.1" 200 33 "https://web.qixincloud.com/index.php/Home/Login/login.html" "Mozilla/5.0 (Windows NT 5.1) AppleWebKit/537.36 (KHTML, like Gecko) Chrome/45.0.2454.101 Safari/537.36"
112.244.154.251 - - [19/Sep/2016:14:06:31 +0800] "GET /index.php/Login/scanWeblogin/uid/6697425315759748619.html HTTP/1.1" 200 33 "https://web.qixincloud.com/index.php/Home/Login/login.html" "Mozilla/5.0 (Windows NT 5.1) AppleWebKit/537.36 (KHTML, like Gecko) Chrome/45.0.2454.101 Safari/537.36"
115.236.31.202 - - [19/Sep/2016:14:06:31 +0800] "GET /index.php/Login/scanWeblogin/uid/6697426406149848813.html HTTP/1.1" 200 33 "https://web.qixincloud.com/index.php/Home/Login/login.html" "Mozilla/5.0 (Windows NT 5.1) AppleWebKit/537.36 (KHTML, like Gecko) Chrome/45.0.2454.101 Safari/537.36"
115.236.31.202 - - [19/Sep/2016:14:06:32 +0800] "GET /index.php/Login/isWeblogin/uid/6697426406149848813.html HTTP/1.1" 200 33 "https://web.qixincloud.com/index.php/Home/Login/login.html" "Mozilla/5.0 (Windows NT 5.1) AppleWebKit/537.36 (KHTML, like Gecko) Chrome/45.0.2454.101 Safari/537.36"
110.251.143.238 - - [19/Sep/2016:14:06:32 +0800] "GET /index.php/Login/scanWeblogin/uid/6697426515754848826.html HTTP/1.1" 200 33 "https://web.qixincloud.com/index.php/Login/login.html" "Mozilla/5.0 (Windows NT 5.1) AppleWebKit/537.36 (KHTML, like Gecko) Chrome/45.0.2454.101 Safari/537.36"
110.251.143.238 - - [19/Sep/2016:14:06:32 +0800] "GET /index.php/Login/isWeblogin/uid/6697426515754848826.html HTTP/1.1" 200 33 "https://web.qixincloud.com/index.php/Login/login.html" "Mozilla/5.0 (Windows NT 5.1) AppleWebKit/537.36 (KHTML, like Gecko) Chrome/45.0.2454.101 Safari/537.36"
49.87.8.142 - - [19/Sep/2016:14:06:32 +0800] "GET /index.php/Login/scanWeblogin/uid/6697425392498448645.html HTTP/1.1" 200 33 "https://web.qixincloud.com/index.php/Login/login.html" "Mozilla/5.0 (Windows NT 6.1) AppleWebKit/537.36 (KHTML, like Gecko) Chrome/45.0.2454.101 Safari/537.36"
49.87.8.142 - - [19/Sep/2016:14:06:32 +0800] "GET /index.php/Login/isWeblogin/uid/6697425392498448645.html HTTP/1.1" 200 33 "https://web.qixincloud.com/index.php/Login/login.html" "Mozilla/5.0 (Windows NT 6.1) AppleWebKit/537.36 (KHTML, like Gecko) Chrome/45.0.2454.101 Safari/537.36"
116.228.224.50 - - [19/Sep/2016:14:06:33 +0800] "GET /index.php/Login/scanWeblogin/uid/6697425091283348517.html HTTP/1.1" 200 33 "https://web.qixincloud.com/index.php/Home/Login/login.html" "Mozilla/5.0 (Windows NT 6.1; WOW64) AppleWebKit/537.36 (KHTML, like Gecko) Chrome/53.0.2785.116 Safari/537.36"
116.228.224.50 - - [19/Sep/2016:14:06:33 +0800] "GET /index.php/Login/isWeblogin/uid/6697425091283348517.html HTTP/1.1" 200 33 "https://web.qixincloud.com/index.php/Home/Login/login.html" "Mozilla/5.0 (Windows NT 6.1; WOW64) AppleWebKit/537.36 (KHTML, like Gecko) Chrome/53.0.2785.116 Safari/537.36"
123.130.46.215 - - [19/Sep/2016:14:06:34 +0800] "GET /index.php/Login/scanWeblogin/uid/6697425521757448706.html HTTP/1.1" 200 33 "https://web.qixincloud.com/index.php/Home/Login/login.html" "Mozilla/5.0 (Windows NT 5.1) AppleWebKit/537.36 (KHTML, like Gecko) Chrome/49.0.2623.22 Safari/537.36 SE 2.X MetaSr 1.0"
123.130.46.215 - - [19/Sep/2016:14:06:34 +0800] "GET /index.php/Login/isWeblogin/uid/6697425521757448706.html HTTP/1.1" 200 33 "https://web.qixincloud.com/index.php/Home/Login/login.html" "Mozilla/5.0 (Windows NT 5.1) AppleWebKit/537.36 (KHTML, like Gecko) Chrome/49.0.2623.22 Safari/537.36 SE 2.X MetaSr 1.0"
112.244.154.251 - - [19/Sep/2016:14:06:34 +0800] "GET /index.php/Login/isWeblogin/uid/6697425315759748619.html HTTP/1.1" 200 33 "https://web.qixincloud.com/index.php/Home/Login/login.html" "Mozilla/5.0 (Windows NT 5.1) AppleWebKit/537.36 (KHTML, like Gecko) Chrome/45.0.2454.101 Safari/537.36"
112.244.154.251 - - [19/Sep/2016:14:06:36 +0800] "GET /index.php/Login/scanWeblogin/uid/6697425315759748619.html HTTP/1.1" 200 33 "https://web.qixincloud.com/index.php/Home/Login/login.html" "Mozilla/5.0 (Windows NT 5.1) AppleWebKit/537.36 (KHTML, like Gecko) Chrome/45.0.2454.101 Safari/537.36"
115.236.31.202 - - [19/Sep/2016:14:06:36 +0800] "GET /index.php/Login/scanWeblogin/uid/6697426406149848813.html HTTP/1.1" 200 33 "https://web.qixincloud.com/index.php/Home/Login/login.html" "Mozilla/5.0 (Windows NT 5.1) AppleWebKit/537.36 (KHTML, like Gecko) Chrome/45.0.2454.101 Safari/537.36"
115.236.31.202 - - [19/Sep/2016:14:06:37 +0800] "GET /index.php/Login/isWeblogin/uid/6697426406149848813.html HTTP/1.1" 200 33 "https://web.qixincloud.com/index.php/Home/Login/login.html" "Mozilla/5.0 (Windows NT 5.1) AppleWebKit/537.36 (KHTML, like Gecko) Chrome/45.0.2454.101 Safari/537.36"
110.251.143.238 - - [19/Sep/2016:14:06:37 +0800] "GET /index.php/Login/scanWeblogin/uid/6697426515754848826.html HTTP/1.1" 200 33 "https://web.qixincloud.com/index.php/Login/login.html" "Mozilla/5.0 (Windows NT 5.1) AppleWebKit/537.36 (KHTML, like Gecko) Chrome/45.0.2454.101 Safari/537.36"
110.251.143.238 - - [19/Sep/2016:14:06:37 +0800] "GET /index.php/Login/isWeblogin/uid/6697426515754848826.html HTTP/1.1" 200 33 "https://web.qixincloud.com/index.php/Login/login.html" "Mozilla/5.0 (Windows NT 5.1) AppleWebKit/537.36 (KHTML, like Gecko) Chrome/45.0.2454.101 Safari/537.36"
49.87.8.142 - - [19/Sep/2016:14:06:37 +0800] "GET /index.php/Login/scanWeblogin/uid/6697425392498448645.html HTTP/1.1" 200 33 "https://web.qixincloud.com/index.php/Login/login.html" "Mozilla/5.0 (Windows NT 6.1) AppleWebKit/537.36 (KHTML, like Gecko) Chrome/45.0.2454.101 Safari/537.36"
49.87.8.142 - - [19/Sep/2016:14:06:37 +0800] "GET /index.php/Login/isWeblogin/uid/6697425392498448645.html HTTP/1.1" 200 33 "https://web.qixincloud.com/index.php/Login/login.html" "Mozilla/5.0 (Windows NT 6.1) AppleWebKit/537.36 (KHTML, like Gecko) Chrome/45.0.2454.101 Safari/537.36"
116.228.224.50 - - [19/Sep/2016:14:06:38 +0800] "GET /index.php/Login/isWeblogin/uid/6697425091283348517.html HTTP/1.1" 200 33 "https://web.qixincloud.com/index.php/Home/Login/login.html" "Mozilla/5.0 (Windows NT 6.1; WOW64) AppleWebKit/537.36 (KHTML, like Gecko) Chrome/53.0.2785.116 Safari/537.36"
116.228.224.50 - - [19/Sep/2016:14:06:38 +0800] "GET /index.php/Login/scanWeblogin/uid/6697425091283348517.html HTTP/1.1" 200 33 "https://web.qixincloud.com/index.php/Home/Login/login.html" "Mozilla/5.0 (Windows NT 6.1; WOW64) AppleWebKit/537.36 (KHTML, like Gecko) Chrome/53.0.2785.116 Safari/537.36"
123.130.46.215 - - [19/Sep/2016:14:06:39 +0800] "GET /index.php/Login/scanWeblogin/uid/6697425521757448706.html HTTP/1.1" 200 33 "https://web.qixincloud.com/index.php/Home/Login/login.html" "Mozilla/5.0 (Windows NT 5.1) AppleWebKit/537.36 (KHTML, like Gecko) Chrome/49.0.2623.22 Safari/537.36 SE 2.X MetaSr 1.0"
123.130.46.215 - - [19/Sep/2016:14:06:39 +0800] "GET /index.php/Login/isWeblogin/uid/6697425521757448706.html HTTP/1.1" 200 33 "https://web.qixincloud.com/index.php/Home/Login/login.html" "Mozilla/5.0 (Windows NT 5.1) AppleWebKit/537.36 (KHTML, like Gecko) Chrome/49.0.2623.22 Safari/537.36 SE 2.X MetaSr 1.0"
112.244.154.251 - - [19/Sep/2016:14:06:39 +0800] "GET /index.php/Login/isWeblogin/uid/6697425315759748619.html HTTP/1.1" 200 33 "https://web.qixincloud.com/index.php/Home/Login/login.html" "Mozilla/5.0 (Windows NT 5.1) AppleWebKit/537.36 (KHTML, like Gecko) Chrome/45.0.2454.101 Safari/537.36"
112.244.154.251 - - [19/Sep/2016:14:06:41 +0800] "GET /index.php/Login/scanWeblogin/uid/6697425315759748619.html HTTP/1.1" 200 33 "https://web.qixincloud.com/index.php/Home/Login/login.html" "Mozilla/5.0 (Windows NT 5.1) AppleWebKit/537.36 (KHTML, like Gecko) Chrome/45.0.2454.101 Safari/537.36"
115.236.31.202 - - [19/Sep/2016:14:06:41 +0800] "GET /index.php/Login/scanWeblogin/uid/6697426406149848813.html HTTP/1.1" 200 33 "https://web.qixincloud.com/index.php/Home/Login/login.html" "Mozilla/5.0 (Windows NT 5.1) AppleWebKit/537.36 (KHTML, like Gecko) Chrome/45.0.2454.101 Safari/537.36"
115.236.31.202 - - [19/Sep/2016:14:06:42 +0800] "GET /index.php/Login/isWeblogin/uid/6697426406149848813.html HTTP/1.1" 200 33 "https://web.qixincloud.com/index.php/Home/Login/login.html" "Mozilla/5.0 (Windows NT 5.1) AppleWebKit/537.36 (KHTML, like Gecko) Chrome/45.0.2454.101 Safari/537.36"
110.251.143.238 - - [19/Sep/2016:14:06:42 +0800] "GET /index.php/Login/scanWeblogin/uid/6697426515754848826.html HTTP/1.1" 200 288 "https://web.qixincloud.com/index.php/Login/login.html" "Mozilla/5.0 (Windows NT 5.1) AppleWebKit/537.36 (KHTML, like Gecko) Chrome/45.0.2454.101 Safari/537.36"
49.87.8.142 - - [19/Sep/2016:14:06:42 +0800] "GET /index.php/Login/scanWeblogin/uid/6697425392498448645.html HTTP/1.1" 200 33 "https://web.qixincloud.com/index.php/Login/login.html" "Mozilla/5.0 (Windows NT 6.1) AppleWebKit/537.36 (KHTML, like Gecko) Chrome/45.0.2454.101 Safari/537.36"
110.251.143.238 - - [19/Sep/2016:14:06:42 +0800] "GET /index.php/Login/isWeblogin/uid/6697426515754848826.html HTTP/1.1" 200 387 "https://web.qixincloud.com/index.php/Login/login.html" "Mozilla/5.0 (Windows NT 5.1) AppleWebKit/537.36 (KHTML, like Gecko) Chrome/45.0.2454.101 Safari/537.36"
49.87.8.142 - - [19/Sep/2016:14:06:42 +0800] "GET /index.php/Login/isWeblogin/uid/6697425392498448645.html HTTP/1.1" 200 33 "https://web.qixincloud.com/index.php/Login/login.html" "Mozilla/5.0 (Windows NT 6.1) AppleWebKit/537.36 (KHTML, like Gecko) Chrome/45.0.2454.101 Safari/537.36"
110.251.143.238 - - [19/Sep/2016:14:06:43 +0800] "GET /index.php/IM/main.html HTTP/1.1" 200 6395 "https://web.qixincloud.com/index.php/Login/login.html" "Mozilla/5.0 (Windows NT 5.1) AppleWebKit/537.36 (KHTML, like Gecko) Chrome/45.0.2454.101 Safari/537.36"
116.228.224.50 - - [19/Sep/2016:14:06:43 +0800] "GET /index.php/Login/scanWeblogin/uid/6697425091283348517.html HTTP/1.1" 200 33 "https://web.qixincloud.com/index.php/Home/Login/login.html" "Mozilla/5.0 (Windows NT 6.1; WOW64) AppleWebKit/537.36 (KHTML, like Gecko) Chrome/53.0.2785.116 Safari/537.36"
116.228.224.50 - - [19/Sep/2016:14:06:43 +0800] "GET /index.php/Login/isWeblogin/uid/6697425091283348517.html HTTP/1.1" 200 33 "https://web.qixincloud.com/index.php/Home/Login/login.html" "Mozilla/5.0 (Windows NT 6.1; WOW64) AppleWebKit/537.36 (KHTML, like Gecko) Chrome/53.0.2785.116 Safari/537.36"
110.251.143.238 - - [19/Sep/2016:14:06:43 +0800] "GET /index.php/IM/getFriendsListApi HTTP/1.1" 200 1783 "https://web.qixincloud.com/index.php/IM/main.html" "Mozilla/5.0 (Windows NT 5.1) AppleWebKit/537.36 (KHTML, like Gecko) Chrome/45.0.2454.101 Safari/537.36"
110.251.143.238 - - [19/Sep/2016:14:06:43 +0800] "GET /Public/webdemo/images/emoji/emoji_69.png HTTP/1.1" 200 4217 "https://web.qixincloud.com/index.php/IM/main.html" "Mozilla/5.0 (Windows NT 5.1) AppleWebKit/537.36 (KHTML, like Gecko) Chrome/45.0.2454.101 Safari/537.36"
123.130.46.215 - - [19/Sep/2016:14:06:44 +0800] "GET /index.php/Login/scanWeblogin/uid/6697425521757448706.html HTTP/1.1" 200 33 "https://web.qixincloud.com/index.php/Home/Login/login.html" "Mozilla/5.0 (Windows NT 5.1) AppleWebKit/537.36 (KHTML, like Gecko) Chrome/49.0.2623.22 Safari/537.36 SE 2.X MetaSr 1.0"
123.130.46.215 - - [19/Sep/2016:14:06:44 +0800] "GET /index.php/Login/isWeblogin/uid/6697425521757448706.html HTTP/1.1" 200 33 "https://web.qixincloud.com/index.php/Home/Login/login.html" "Mozilla/5.0 (Windows NT 5.1) AppleWebKit/537.36 (KHTML, like Gecko) Chrome/49.0.2623.22 Safari/537.36 SE 2.X MetaSr 1.0"
110.251.143.238 - - [19/Sep/2016:14:06:44 +0800] "GET /index.php/IM/getLoginApi HTTP/1.1" 200 168 "https://web.qixincloud.com/index.php/IM/main.html" "Mozilla/5.0 (Windows NT 5.1) AppleWebKit/537.36 (KHTML, like Gecko) Chrome/45.0.2454.101 Safari/537.36"
112.244.154.251 - - [19/Sep/2016:14:06:44 +0800] "GET /index.php/Login/isWeblogin/uid/6697425315759748619.html HTTP/1.1" 200 33 "https://web.qixincloud.com/index.php/Home/Login/login.html" "Mozilla/5.0 (Windows NT 5.1) AppleWebKit/537.36 (KHTML, like Gecko) Chrome/45.0.2454.101 Safari/537.36"
110.251.143.238 - - [19/Sep/2016:14:06:46 +0800] "GET /index.php/Home/Report/GuidancePageRed?red_status=1&ajax=ajax HTTP/1.1" 200 65 "https://web.qixincloud.com/index.php/IM/main.html" "Mozilla/5.0 (Windows NT 5.1) AppleWebKit/537.36 (KHTML, like Gecko) Chrome/45.0.2454.101 Safari/537.36"
110.251.143.238 - - [19/Sep/2016:14:06:46 +0800] "GET /index.php/Home/work/guidancePage HTTP/1.1" 200 1617 "https://web.qixincloud.com/index.php/IM/main.html" "Mozilla/5.0 (Windows NT 5.1) AppleWebKit/537.36 (KHTML, like Gecko) Chrome/45.0.2454.101 Safari/537.36"
112.244.154.251 - - [19/Sep/2016:14:06:46 +0800] "GET /index.php/Login/scanWeblogin/uid/6697425315759748619.html HTTP/1.1" 200 33 "https://web.qixincloud.com/index.php/Home/Login/login.html" "Mozilla/5.0 (Windows NT 5.1) AppleWebKit/537.36 (KHTML, like Gecko) Chrome/45.0.2454.101 Safari/537.36"
115.236.31.202 - - [19/Sep/2016:14:06:46 +0800] "GET /index.php/Login/scanWeblogin/uid/6697426406149848813.html HTTP/1.1" 200 33 "https://web.qixincloud.com/index.php/Home/Login/login.html" "Mozilla/5.0 (Windows NT 5.1) AppleWebKit/537.36 (KHTML, like Gecko) Chrome/45.0.2454.101 Safari/537.36"
115.236.31.202 - - [19/Sep/2016:14:06:47 +0800] "GET /index.php/Login/isWeblogin/uid/6697426406149848813.html HTTP/1.1" 200 33 "https://web.qixincloud.com/index.php/Home/Login/login.html" "Mozilla/5.0 (Windows NT 5.1) AppleWebKit/537.36 (KHTML, like Gecko) Chrome/45.0.2454.101 Safari/537.36"
49.87.8.142 - - [19/Sep/2016:14:06:47 +0800] "GET /index.php/Login/scanWeblogin/uid/6697425392498448645.html HTTP/1.1" 200 33 "https://web.qixincloud.com/index.php/Login/login.html" "Mozilla/5.0 (Windows NT 6.1) AppleWebKit/537.36 (KHTML, like Gecko) Chrome/45.0.2454.101 Safari/537.36"
49.87.8.142 - - [19/Sep/2016:14:06:47 +0800] "GET /index.php/Login/isWeblogin/uid/6697425392498448645.html HTTP/1.1" 200 33 "https://web.qixincloud.com/index.php/Login/login.html" "Mozilla/5.0 (Windows NT 6.1) AppleWebKit/537.36 (KHTML, like Gecko) Chrome/45.0.2454.101 Safari/537.36"
123.130.46.215 - - [19/Sep/2016:14:06:49 +0800] "GET /index.php/Login/scanWeblogin/uid/6697425521757448706.html HTTP/1.1" 200 33 "https://web.qixincloud.com/index.php/Home/Login/login.html" "Mozilla/5.0 (Windows NT 5.1) AppleWebKit/537.36 (KHTML, like Gecko) Chrome/49.0.2623.22 Safari/537.36 SE 2.X MetaSr 1.0"
123.130.46.215 - - [19/Sep/2016:14:06:49 +0800] "GET /index.php/Login/isWeblogin/uid/6697425521757448706.html HTTP/1.1" 200 33 "https://web.qixincloud.com/index.php/Home/Login/login.html" "Mozilla/5.0 (Windows NT 5.1) AppleWebKit/537.36 (KHTML, like Gecko) Chrome/49.0.2623.22 Safari/537.36 SE 2.X MetaSr 1.0"
112.244.154.251 - - [19/Sep/2016:14:06:49 +0800] "GET /index.php/Login/isWeblogin/uid/6697425315759748619.html HTTP/1.1" 200 33 "https://web.qixincloud.com/index.php/Home/Login/login.html" "Mozilla/5.0 (Windows NT 5.1) AppleWebKit/537.36 (KHTML, like Gecko) Chrome/45.0.2454.101 Safari/537.36"
112.244.154.251 - - [19/Sep/2016:14:06:51 +0800] "GET /index.php/Login/scanWeblogin/uid/6697425315759748619.html HTTP/1.1" 200 33 "https://web.qixincloud.com/index.php/Home/Login/login.html" "Mozilla/5.0 (Windows NT 5.1) AppleWebKit/537.36 (KHTML, like Gecko) Chrome/45.0.2454.101 Safari/537.36"
115.236.31.202 - - [19/Sep/2016:14:06:51 +0800] "GET /index.php/Login/scanWeblogin/uid/6697426406149848813.html HTTP/1.1" 200 33 "https://web.qixincloud.com/index.php/Home/Login/login.html" "Mozilla/5.0 (Windows NT 5.1) AppleWebKit/537.36 (KHTML, like Gecko) Chrome/45.0.2454.101 Safari/537.36"
115.236.31.202 - - [19/Sep/2016:14:06:52 +0800] "GET /index.php/Login/isWeblogin/uid/6697426406149848813.html HTTP/1.1" 200 33 "https://web.qixincloud.com/index.php/Home/Login/login.html" "Mozilla/5.0 (Windows NT 5.1) AppleWebKit/537.36 (KHTML, like Gecko) Chrome/45.0.2454.101 Safari/537.36"
49.87.8.142 - - [19/Sep/2016:14:06:52 +0800] "GET /index.php/Login/scanWeblogin/uid/6697425392498448645.html HTTP/1.1" 200 33 "https://web.qixincloud.com/index.php/Login/login.html" "Mozilla/5.0 (Windows NT 6.1) AppleWebKit/537.36 (KHTML, like Gecko) Chrome/45.0.2454.101 Safari/537.36"
49.87.8.142 - - [19/Sep/2016:14:06:52 +0800] "GET /index.php/Login/isWeblogin/uid/6697425392498448645.html HTTP/1.1" 200 33 "https://web.qixincloud.com/index.php/Login/login.html" "Mozilla/5.0 (Windows NT 6.1) AppleWebKit/537.36 (KHTML, like Gecko) Chrome/45.0.2454.101 Safari/537.36"
123.130.46.215 - - [19/Sep/2016:14:06:54 +0800] "GET /index.php/Login/scanWeblogin/uid/6697425521757448706.html HTTP/1.1" 200 33 "https://web.qixincloud.com/index.php/Home/Login/login.html" "Mozilla/5.0 (Windows NT 5.1) AppleWebKit/537.36 (KHTML, like Gecko) Chrome/49.0.2623.22 Safari/537.36 SE 2.X MetaSr 1.0"
123.130.46.215 - - [19/Sep/2016:14:06:54 +0800] "GET /index.php/Login/isWeblogin/uid/6697425521757448706.html HTTP/1.1" 200 33 "https://web.qixincloud.com/index.php/Home/Login/login.html" "Mozilla/5.0 (Windows NT 5.1) AppleWebKit/537.36 (KHTML, like Gecko) Chrome/49.0.2623.22 Safari/537.36 SE 2.X MetaSr 1.0"
112.244.154.251 - - [19/Sep/2016:14:06:54 +0800] "GET /index.php/Login/isWeblogin/uid/6697425315759748619.html HTTP/1.1" 200 33 "https://web.qixincloud.com/index.php/Home/Login/login.html" "Mozilla/5.0 (Windows NT 5.1) AppleWebKit/537.36 (KHTML, like Gecko) Chrome/45.0.2454.101 Safari/537.36"
116.228.224.50 - - [19/Sep/2016:14:06:55 +0800] "GET /index.php/Login/scanWeblogin/uid/6697425091283348517.html HTTP/1.1" 200 33 "https://web.qixincloud.com/index.php/Home/Login/login.html" "Mozilla/5.0 (Windows NT 6.1; WOW64) AppleWebKit/537.36 (KHTML, like Gecko) Chrome/53.0.2785.116 Safari/537.36"
116.228.224.50 - - [19/Sep/2016:14:06:55 +0800] "GET /index.php/Login/isWeblogin/uid/6697425091283348517.html HTTP/1.1" 200 33 "https://web.qixincloud.com/index.php/Home/Login/login.html" "Mozilla/5.0 (Windows NT 6.1; WOW64) AppleWebKit/537.36 (KHTML, like Gecko) Chrome/53.0.2785.116 Safari/537.36"
112.244.154.251 - - [19/Sep/2016:14:06:56 +0800] "GET /index.php/Login/scanWeblogin/uid/6697425315759748619.html HTTP/1.1" 200 33 "https://web.qixincloud.com/index.php/Home/Login/login.html" "Mozilla/5.0 (Windows NT 5.1) AppleWebKit/537.36 (KHTML, like Gecko) Chrome/45.0.2454.101 Safari/537.36"
115.236.31.202 - - [19/Sep/2016:14:06:56 +0800] "GET /index.php/Login/scanWeblogin/uid/6697426406149848813.html HTTP/1.1" 200 33 "https://web.qixincloud.com/index.php/Home/Login/login.html" "Mozilla/5.0 (Windows NT 5.1) AppleWebKit/537.36 (KHTML, like Gecko) Chrome/45.0.2454.101 Safari/537.36"
115.236.31.202 - - [19/Sep/2016:14:06:57 +0800] "GET /index.php/Login/isWeblogin/uid/6697426406149848813.html HTTP/1.1" 200 33 "https://web.qixincloud.com/index.php/Home/Login/login.html" "Mozilla/5.0 (Windows NT 5.1) AppleWebKit/537.36 (KHTML, like Gecko) Chrome/45.0.2454.101 Safari/537.36"
49.87.8.142 - - [19/Sep/2016:14:06:57 +0800] "GET /index.php/Login/scanWeblogin/uid/6697425392498448645.html HTTP/1.1" 200 33 "https://web.qixincloud.com/index.php/Login/login.html" "Mozilla/5.0 (Windows NT 6.1) AppleWebKit/537.36 (KHTML, like Gecko) Chrome/45.0.2454.101 Safari/537.36"
49.87.8.142 - - [19/Sep/2016:14:06:57 +0800] "GET /index.php/Login/isWeblogin/uid/6697425392498448645.html HTTP/1.1" 200 33 "https://web.qixincloud.com/index.php/Login/login.html" "Mozilla/5.0 (Windows NT 6.1) AppleWebKit/537.36 (KHTML, like Gecko) Chrome/45.0.2454.101 Safari/537.36"
123.130.46.215 - - [19/Sep/2016:14:06:59 +0800] "GET /index.php/Login/scanWeblogin/uid/6697425521757448706.html HTTP/1.1" 200 33 "https://web.qixincloud.com/index.php/Home/Login/login.html" "Mozilla/5.0 (Windows NT 5.1) AppleWebKit/537.36 (KHTML, like Gecko) Chrome/49.0.2623.22 Safari/537.36 SE 2.X MetaSr 1.0"
123.130.46.215 - - [19/Sep/2016:14:06:59 +0800] "GET /index.php/Login/isWeblogin/uid/6697425521757448706.html HTTP/1.1" 200 33 "https://web.qixincloud.com/index.php/Home/Login/login.html" "Mozilla/5.0 (Windows NT 5.1) AppleWebKit/537.36 (KHTML, like Gecko) Chrome/49.0.2623.22 Safari/537.36 SE 2.X MetaSr 1.0"
112.244.154.251 - - [19/Sep/2016:14:06:59 +0800] "GET /index.php/Login/isWeblogin/uid/6697425315759748619.html HTTP/1.1" 200 33 "https://web.qixincloud.com/index.php/Home/Login/login.html" "Mozilla/5.0 (Windows NT 5.1) AppleWebKit/537.36 (KHTML, like Gecko) Chrome/45.0.2454.101 Safari/537.36"
116.228.224.50 - - [19/Sep/2016:14:07:00 +0800] "GET /index.php/Login/scanWeblogin/uid/6697425091283348517.html HTTP/1.1" 200 33 "https://web.qixincloud.com/index.php/Home/Login/login.html" "Mozilla/5.0 (Windows NT 6.1; WOW64) AppleWebKit/537.36 (KHTML, like Gecko) Chrome/53.0.2785.116 Safari/537.36"
116.228.224.50 - - [19/Sep/2016:14:07:00 +0800] "GET /index.php/Login/isWeblogin/uid/6697425091283348517.html HTTP/1.1" 200 33 "https://web.qixincloud.com/index.php/Home/Login/login.html" "Mozilla/5.0 (Windows NT 6.1; WOW64) AppleWebKit/537.36 (KHTML, like Gecko) Chrome/53.0.2785.116 Safari/537.36"
110.251.143.238 - - [19/Sep/2016:14:07:01 +0800] "GET /Public/guidePageImg/2-hover.png HTTP/1.1" 200 3822 "https://web.qixincloud.com/Public/css/basic.css" "Mozilla/5.0 (Windows NT 5.1) AppleWebKit/537.36 (KHTML, like Gecko) Chrome/45.0.2454.101 Safari/537.36"
112.244.154.251 - - [19/Sep/2016:14:07:01 +0800] "GET /index.php/Login/scanWeblogin/uid/6697425315759748619.html HTTP/1.1" 200 33 "https://web.qixincloud.com/index.php/Home/Login/login.html" "Mozilla/5.0 (Windows NT 5.1) AppleWebKit/537.36 (KHTML, like Gecko) Chrome/45.0.2454.101 Safari/537.36"
115.236.31.202 - - [19/Sep/2016:14:07:01 +0800] "GET /index.php/Login/scanWeblogin/uid/6697426406149848813.html HTTP/1.1" 200 33 "https://web.qixincloud.com/index.php/Home/Login/login.html" "Mozilla/5.0 (Windows NT 5.1) AppleWebKit/537.36 (KHTML, like Gecko) Chrome/45.0.2454.101 Safari/537.36"
115.236.31.202 - - [19/Sep/2016:14:07:02 +0800] "GET /index.php/Login/isWeblogin/uid/6697426406149848813.html HTTP/1.1" 200 33 "https://web.qixincloud.com/index.php/Home/Login/login.html" "Mozilla/5.0 (Windows NT 5.1) AppleWebKit/537.36 (KHTML, like Gecko) Chrome/45.0.2454.101 Safari/537.36"
49.87.8.142 - - [19/Sep/2016:14:07:03 +0800] "GET /index.php/Login/isWeblogin/uid/6697425392498448645.html HTTP/1.1" 200 33 "https://web.qixincloud.com/index.php/Login/login.html" "Mozilla/5.0 (Windows NT 6.1) AppleWebKit/537.36 (KHTML, like Gecko) Chrome/45.0.2454.101 Safari/537.36"
49.87.8.142 - - [19/Sep/2016:14:07:03 +0800] "GET /index.php/Login/scanWeblogin/uid/6697425392498448645.html HTTP/1.1" 200 33 "https://web.qixincloud.com/index.php/Login/login.html" "Mozilla/5.0 (Windows NT 6.1) AppleWebKit/537.36 (KHTML, like Gecko) Chrome/45.0.2454.101 Safari/537.36"
123.130.46.215 - - [19/Sep/2016:14:07:04 +0800] "GET /index.php/Login/scanWeblogin/uid/6697425521757448706.html HTTP/1.1" 200 33 "https://web.qixincloud.com/index.php/Home/Login/login.html" "Mozilla/5.0 (Windows NT 5.1) AppleWebKit/537.36 (KHTML, like Gecko) Chrome/49.0.2623.22 Safari/537.36 SE 2.X MetaSr 1.0"
123.130.46.215 - - [19/Sep/2016:14:07:04 +0800] "GET /index.php/Login/isWeblogin/uid/6697425521757448706.html HTTP/1.1" 200 33 "https://web.qixincloud.com/index.php/Home/Login/login.html" "Mozilla/5.0 (Windows NT 5.1) AppleWebKit/537.36 (KHTML, like Gecko) Chrome/49.0.2623.22 Safari/537.36 SE 2.X MetaSr 1.0"
112.244.154.251 - - [19/Sep/2016:14:07:04 +0800] "GET /index.php/Login/isWeblogin/uid/6697425315759748619.html HTTP/1.1" 200 33 "https://web.qixincloud.com/index.php/Home/Login/login.html" "Mozilla/5.0 (Windows NT 5.1) AppleWebKit/537.36 (KHTML, like Gecko) Chrome/45.0.2454.101 Safari/537.36"
116.228.224.50 - - [19/Sep/2016:14:07:05 +0800] "GET /index.php/Login/scanWeblogin/uid/6697425091283348517.html HTTP/1.1" 200 33 "https://web.qixincloud.com/index.php/Home/Login/login.html" "Mozilla/5.0 (Windows NT 6.1; WOW64) AppleWebKit/537.36 (KHTML, like Gecko) Chrome/53.0.2785.116 Safari/537.36"
116.228.224.50 - - [19/Sep/2016:14:07:05 +0800] "GET /index.php/Login/isWeblogin/uid/6697425091283348517.html HTTP/1.1" 200 33 "https://web.qixincloud.com/index.php/Home/Login/login.html" "Mozilla/5.0 (Windows NT 6.1; WOW64) AppleWebKit/537.36 (KHTML, like Gecko) Chrome/53.0.2785.116 Safari/537.36"
112.244.154.251 - - [19/Sep/2016:14:07:06 +0800] "GET /index.php/Login/scanWeblogin/uid/6697425315759748619.html HTTP/1.1" 200 33 "https://web.qixincloud.com/index.php/Home/Login/login.html" "Mozilla/5.0 (Windows NT 5.1) AppleWebKit/537.36 (KHTML, like Gecko) Chrome/45.0.2454.101 Safari/537.36"
115.236.31.202 - - [19/Sep/2016:14:07:06 +0800] "GET /index.php/Login/scanWeblogin/uid/6697426406149848813.html HTTP/1.1" 200 33 "https://web.qixincloud.com/index.php/Home/Login/login.html" "Mozilla/5.0 (Windows NT 5.1) AppleWebKit/537.36 (KHTML, like Gecko) Chrome/45.0.2454.101 Safari/537.36"
115.236.31.202 - - [19/Sep/2016:14:07:07 +0800] "GET /index.php/Login/isWeblogin/uid/6697426406149848813.html HTTP/1.1" 200 33 "https://web.qixincloud.com/index.php/Home/Login/login.html" "Mozilla/5.0 (Windows NT 5.1) AppleWebKit/537.36 (KHTML, like Gecko) Chrome/45.0.2454.101 Safari/537.36"
110.251.143.238 - - [19/Sep/2016:14:07:08 +0800] "GET /index.php/Home/Report/isAppearGuidancePage?ajax=ajax&status=0 HTTP/1.1" 200 45 "https://web.qixincloud.com/index.php/Home/work/guidancePage" "Mozilla/5.0 (Windows NT 5.1) AppleWebKit/537.36 (KHTML, like Gecko) Chrome/45.0.2454.101 Safari/537.36"
49.87.8.142 - - [19/Sep/2016:14:07:08 +0800] "GET /index.php/Login/isWeblogin/uid/6697425392498448645.html HTTP/1.1" 200 33 "https://web.qixincloud.com/index.php/Login/login.html" "Mozilla/5.0 (Windows NT 6.1) AppleWebKit/537.36 (KHTML, like Gecko) Chrome/45.0.2454.101 Safari/537.36"
49.87.8.142 - - [19/Sep/2016:14:07:08 +0800] "GET /index.php/Login/scanWeblogin/uid/6697425392498448645.html HTTP/1.1" 200 33 "https://web.qixincloud.com/index.php/Login/login.html" "Mozilla/5.0 (Windows NT 6.1) AppleWebKit/537.36 (KHTML, like Gecko) Chrome/45.0.2454.101 Safari/537.36"
110.251.143.238 - - [19/Sep/2016:14:07:09 +0800] "GET /index.php/Report/reportSet HTTP/1.1" 200 3954 "https://web.qixincloud.com/index.php/Home/work/guidancePage" "Mozilla/5.0 (Windows NT 5.1) AppleWebKit/537.36 (KHTML, like Gecko) Chrome/45.0.2454.101 Safari/537.36"
123.130.46.215 - - [19/Sep/2016:14:07:09 +0800] "GET /index.php/Login/scanWeblogin/uid/6697425521757448706.html HTTP/1.1" 200 33 "https://web.qixincloud.com/index.php/Home/Login/login.html" "Mozilla/5.0 (Windows NT 5.1) AppleWebKit/537.36 (KHTML, like Gecko) Chrome/49.0.2623.22 Safari/537.36 SE 2.X MetaSr 1.0"
123.130.46.215 - - [19/Sep/2016:14:07:09 +0800] "GET /index.php/Login/isWeblogin/uid/6697425521757448706.html HTTP/1.1" 200 33 "https://web.qixincloud.com/index.php/Home/Login/login.html" "Mozilla/5.0 (Windows NT 5.1) AppleWebKit/537.36 (KHTML, like Gecko) Chrome/49.0.2623.22 Safari/537.36 SE 2.X MetaSr 1.0"
110.251.143.238 - - [19/Sep/2016:14:07:09 +0800] "GET /index.php/Home/Report/reportSet/?ajax=ajax HTTP/1.1" 200 45 "https://web.qixincloud.com/index.php/Report/reportSet" "Mozilla/5.0 (Windows NT 5.1) AppleWebKit/537.36 (KHTML, like Gecko) Chrome/45.0.2454.101 Safari/537.36"
112.244.154.251 - - [19/Sep/2016:14:07:09 +0800] "GET /index.php/Login/isWeblogin/uid/6697425315759748619.html HTTP/1.1" 200 33 "https://web.qixincloud.com/index.php/Home/Login/login.html" "Mozilla/5.0 (Windows NT 5.1) AppleWebKit/537.36 (KHTML, like Gecko) Chrome/45.0.2454.101 Safari/537.36"
116.228.224.50 - - [19/Sep/2016:14:07:10 +0800] "GET /index.php/Login/scanWeblogin/uid/6697425091283348517.html HTTP/1.1" 200 33 "https://web.qixincloud.com/index.php/Home/Login/login.html" "Mozilla/5.0 (Windows NT 6.1; WOW64) AppleWebKit/537.36 (KHTML, like Gecko) Chrome/53.0.2785.116 Safari/537.36"
116.228.224.50 - - [19/Sep/2016:14:07:10 +0800] "GET /index.php/Login/isWeblogin/uid/6697425091283348517.html HTTP/1.1" 200 33 "https://web.qixincloud.com/index.php/Home/Login/login.html" "Mozilla/5.0 (Windows NT 6.1; WOW64) AppleWebKit/537.36 (KHTML, like Gecko) Chrome/53.0.2785.116 Safari/537.36"
112.244.154.251 - - [19/Sep/2016:14:07:11 +0800] "GET /index.php/Login/scanWeblogin/uid/6697425315759748619.html HTTP/1.1" 200 33 "https://web.qixincloud.com/index.php/Home/Login/login.html" "Mozilla/5.0 (Windows NT 5.1) AppleWebKit/537.36 (KHTML, like Gecko) Chrome/45.0.2454.101 Safari/537.36"
115.236.31.202 - - [19/Sep/2016:14:07:11 +0800] "GET /index.php/Login/scanWeblogin/uid/6697426406149848813.html HTTP/1.1" 200 33 "https://web.qixincloud.com/index.php/Home/Login/login.html" "Mozilla/5.0 (Windows NT 5.1) AppleWebKit/537.36 (KHTML, like Gecko) Chrome/45.0.2454.101 Safari/537.36"
115.236.31.202 - - [19/Sep/2016:14:07:12 +0800] "GET /index.php/Login/isWeblogin/uid/6697426406149848813.html HTTP/1.1" 200 33 "https://web.qixincloud.com/index.php/Home/Login/login.html" "Mozilla/5.0 (Windows NT 5.1) AppleWebKit/537.36 (KHTML, like Gecko) Chrome/45.0.2454.101 Safari/537.36"
49.87.8.142 - - [19/Sep/2016:14:07:13 +0800] "GET /index.php/Login/isWeblogin/uid/6697425392498448645.html HTTP/1.1" 200 33 "https://web.qixincloud.com/index.php/Login/login.html" "Mozilla/5.0 (Windows NT 6.1) AppleWebKit/537.36 (KHTML, like Gecko) Chrome/45.0.2454.101 Safari/537.36"
49.87.8.142 - - [19/Sep/2016:14:07:13 +0800] "GET /index.php/Login/scanWeblogin/uid/6697425392498448645.html HTTP/1.1" 200 33 "https://web.qixincloud.com/index.php/Login/login.html" "Mozilla/5.0 (Windows NT 6.1) AppleWebKit/537.36 (KHTML, like Gecko) Chrome/45.0.2454.101 Safari/537.36"
123.130.46.215 - - [19/Sep/2016:14:07:14 +0800] "GET /index.php/Login/scanWeblogin/uid/6697425521757448706.html HTTP/1.1" 200 33 "https://web.qixincloud.com/index.php/Home/Login/login.html" "Mozilla/5.0 (Windows NT 5.1) AppleWebKit/537.36 (KHTML, like Gecko) Chrome/49.0.2623.22 Safari/537.36 SE 2.X MetaSr 1.0"
123.130.46.215 - - [19/Sep/2016:14:07:14 +0800] "GET /index.php/Login/isWeblogin/uid/6697425521757448706.html HTTP/1.1" 200 33 "https://web.qixincloud.com/index.php/Home/Login/login.html" "Mozilla/5.0 (Windows NT 5.1) AppleWebKit/537.36 (KHTML, like Gecko) Chrome/49.0.2623.22 Safari/537.36 SE 2.X MetaSr 1.0"
112.244.154.251 - - [19/Sep/2016:14:07:14 +0800] "GET /index.php/Login/isWeblogin/uid/6697425315759748619.html HTTP/1.1" 200 33 "https://web.qixincloud.com/index.php/Home/Login/login.html" "Mozilla/5.0 (Windows NT 5.1) AppleWebKit/537.36 (KHTML, like Gecko) Chrome/45.0.2454.101 Safari/537.36"
116.228.224.50 - - [19/Sep/2016:14:07:15 +0800] "GET /index.php/Login/scanWeblogin/uid/6697425091283348517.html HTTP/1.1" 200 33 "https://web.qixincloud.com/index.php/Home/Login/login.html" "Mozilla/5.0 (Windows NT 6.1; WOW64) AppleWebKit/537.36 (KHTML, like Gecko) Chrome/53.0.2785.116 Safari/537.36"
116.228.224.50 - - [19/Sep/2016:14:07:15 +0800] "GET /index.php/Login/isWeblogin/uid/6697425091283348517.html HTTP/1.1" 200 33 "https://web.qixincloud.com/index.php/Home/Login/login.html" "Mozilla/5.0 (Windows NT 6.1; WOW64) AppleWebKit/537.36 (KHTML, like Gecko) Chrome/53.0.2785.116 Safari/537.36"
112.244.154.251 - - [19/Sep/2016:14:07:16 +0800] "GET /index.php/Login/scanWeblogin/uid/6697425315759748619.html HTTP/1.1" 200 33 "https://web.qixincloud.com/index.php/Home/Login/login.html" "Mozilla/5.0 (Windows NT 5.1) AppleWebKit/537.36 (KHTML, like Gecko) Chrome/45.0.2454.101 Safari/537.36"
110.251.143.238 - - [19/Sep/2016:14:07:16 +0800] "GET /index.php/Work/checkRecord HTTP/1.1" 200 11733 "https://web.qixincloud.com/index.php/Report/reportSet" "Mozilla/5.0 (Windows NT 5.1) AppleWebKit/537.36 (KHTML, like Gecko) Chrome/45.0.2454.101 Safari/537.36"
115.236.31.202 - - [19/Sep/2016:14:07:16 +0800] "GET /index.php/Login/scanWeblogin/uid/6697426406149848813.html HTTP/1.1" 200 33 "https://web.qixincloud.com/index.php/Home/Login/login.html" "Mozilla/5.0 (Windows NT 5.1) AppleWebKit/537.36 (KHTML, like Gecko) Chrome/45.0.2454.101 Safari/537.36"
115.236.31.202 - - [19/Sep/2016:14:07:17 +0800] "GET /index.php/Login/isWeblogin/uid/6697426406149848813.html HTTP/1.1" 200 33 "https://web.qixincloud.com/index.php/Home/Login/login.html" "Mozilla/5.0 (Windows NT 5.1) AppleWebKit/537.36 (KHTML, like Gecko) Chrome/45.0.2454.101 Safari/537.36"
110.251.143.238 - - [19/Sep/2016:14:07:17 +0800] "GET / HTTP/1.1" 200 31 "https://web.qixincloud.com/index.php/Work/checkRecord" "Mozilla/5.0 (Windows NT 5.1) AppleWebKit/537.36 (KHTML, like Gecko) Chrome/45.0.2454.101 Safari/537.36"
49.87.8.142 - - [19/Sep/2016:14:07:18 +0800] "GET /index.php/Login/scanWeblogin/uid/6697425392498448645.html HTTP/1.1" 200 33 "https://web.qixincloud.com/index.php/Login/login.html" "Mozilla/5.0 (Windows NT 6.1) AppleWebKit/537.36 (KHTML, like Gecko) Chrome/45.0.2454.101 Safari/537.36"
